<!DOCTYPE html>
<html>
  <head>
    <title>{{.Title}} Digest Search</title>
    <link rel="shortcut icon" href="/dist/favicon.ico" />
    <script>
      window.GoldSettings = {
        title: '{{.Title}}',
        defaultCorpus: '{{.DefaultCorpus}}',
        baseRepoURL: '{{.BaseRepoURL}}',
      };
    </script>
  </head>
  <body class="body-sk">
    <gold-scaffold-sk>
      <search-page-sk></search-page-sk>
    </gold-scaffold-sk>
  </body>
</html>
