<!DOCTYPE html>
<html>
  <head>
    <title>{{.Title}} Triage Log</title>
    <link rel="shortcut icon" href="/dist/favicon.ico" />
    <script>
      window.GoldSettings = {
        title: '{{.Title}}',
        defaultCorpus: '{{.DefaultCorpus}}',
        baseRepoURL: '{{.BaseRepoURL}}',
      };
    </script>
  </head>
  <body class="body-sk">
    <gold-scaffold-sk>
      <triagelog-page-sk></triagelog-page-sk>
    </gold-scaffold-sk>
  </body>
</html>
