<!DOCTYPE html>
<html>
  <head>
    <title>byblameentry-sk</title>
    <meta charset="utf-8" />
    <meta http-equiv="X-UA-Compatible" content="IE=edge" />
    <meta name="viewport" content="width=device-width, initial-scale=1.0" />
  </head>
  <body class="body-sk">
    <!-- A byblameentry-sk element will be inserted here dynamically. -->
  </body>
</html>
