{
   "build_number" : "1228",
   "gitHash" : "02cb37309c01506e2552e931efa9c04a569ed266",
   "key" : {
      "arch" : "x86_64",
      "compiler" : "MSVC",
      "configuration" : "Debug",
      "cpu_or_gpu" : "CPU",
      "cpu_or_gpu_value" : "AVX2",
      "model" : "ShuttleB",
      "os" : "Win8"
   },
   "max_rss_MB" : 1432,
   "results" : [
      {
         "key" : {
            "config" : "pipe-8888",
            "name" : "aaclip",
            "source_type" : "gm"
         },
         "md5" : "fa3c371d201d6f88f7a47b41862e2e85",
         "options" : {
            "ext" : "png"
         }
      },
      {
         "key" : {
            "config" : "pipe-8888",
            "name" : "clipcubic",
            "source_type" : "gm"
         },
         "md5" : "64e446d96bebba035887dd7dda6db6c4",
         "options" : {
            "ext" : "png"
         }
      },
      {
         "key" : {
            "config" : "pipe-8888",
            "name" : "manyarcs",
            "source_type" : "gm"
         },
         "md5" : "4d289d13da841e4a2f153bcb61024f42",
         "options" : {
            "ext" : "pdf"
         }
      }
    ]
}
