{
  "description": "This file represents data from data kitchen sink's Tryjob01IphoneRGB, using the legacy issue/buildbucket_build_id/patchset fields",
  "gitHash": "ffff111111111111111111111111111111111111",
  "key": {
    "os": "iOS",
    "device": "iPhone12,1",
    "color mode": "RGB"
  },
  "results": [
    {
      "key": {
        "name": "square",
        "source_type": "corners"
      },
      "options": {
        "ext": "png"
      },
      "md5": "a01a01a01a01a01a01a01a01a01a01a0"
    },
    {
      "key": {
        "name": "triangle",
        "source_type": "corners"
      },
      "options": {
        "ext": "png"
      },
      "md5": "b01b01b01b01b01b01b01b01b01b01b0"
    },
    {
      "key": {
        "name": "circle",
        "source_type": "round"
      },
      "options": {
        "ext": "png"
      },
      "md5": "c07c07c07c07c07c07c07c07c07c07c0"
    }
  ],
  "issue": "CL_fix_ios",
  "buildbucket_build_id": "tryjob_01_iphonergb",
  "patchset": "3"
}