{
  "description": "This file has data from three traces across two corpora. It specifies a commit id and metadata. It lines up with datakitchensink",
  "commit_id" : "0000000100",
  "commit_metadata" : "gs://example/commit/77e1d3255fde0bebc80f596f6a1c4ad79c8b8bbe",
  "key" : {
    "os": "Windows10.2",
    "device": "QuadroP400"
  },
  "results" : [
    {
      "key" : {
        "color mode" : "RGB",
        "name" : "square",
        "source_type" : "corners"
      },
      "md5" : "a01a01a01a01a01a01a01a01a01a01a0",
      "options" : {
        "ext" : "png"
      }
    },
    {
      "key" : {
        "color mode" : "RGB",
        "name" : "triangle",
        "source_type" : "corners"
      },
      "md5" : "b01b01b01b01b01b01b01b01b01b01b0",
      "options" : {
        "ext" : "png"
      }
    },
    {
      "key" : {
        "color mode" : "RGB",
        "name" : "circle",
        "source_type" : "round"
      },
      "md5" : "c01c01c01c01c01c01c01c01c01c01c0",
      "options" : {
        "ext" : "png"
      }
    }
  ]
}