<!DOCTYPE html>
<html>
  <head>
    <title>bulk-triage-sk</title>
    <meta charset="utf-8" />
    <meta http-equiv="X-UA-Compatible" content="IE=edge" />
    <meta name="viewport" content="width=device-width, initial-scale=1.0" />
  </head>
  <body class="body-sk">
    <h1>bulk-triage-sk</h1>
    <div id="default"></div>

    <h1>bulk-triage-sk for CL</h1>
    <div id="changelist"></div>

    <h2>Events</h2>
    <pre id="event_log"></pre>
  </body>
</html>
