<!DOCTYPE html>
<html>
  <head>
    <title>triagelog-page-sk</title>
    <meta charset="utf-8" />
    <meta http-equiv="X-UA-Compatible" content="IE=edge" />
    <meta name="viewport" content="width=device-width, initial-scale=1.0" />
  </head>
  <body class="body-sk">
    <!-- demo page code will insert
<gold-scaffold-sk testing_offline>
  <triagelog-page-sk></triagelog-page-sk>
</gold-scaffold-sk>
here -->

    <div style="margin: 5em 1em 1em; padding: 1em; border: 1px solid lightgrey">
      <p><strong>DEBUGGING</strong></p>
      <p>
        <input type="checkbox" id="simulate-rpc-failure" />
        <label for="simulate-rpc-failure">
          Simulate RPC internal server error on subsequent roundtrips.
        </label>
      </p>
    </div>
  </body>
</html>
