<!DOCTYPE html>
<html>
  <head>
    <title>digest-details-sk</title>
    <meta charset="utf-8" />
    <meta http-equiv="X-UA-Compatible" content="IE=edge" />
    <meta name="viewport" content="width=device-width, initial-scale=1.0" />

    <style>
      .demo-container {
        width: 900px;
        border: 1px dashed grey;
      }
      .full-size {
        width: inherit;
      }
    </style>
  </head>
  <body class="body-sk">
    <h2>Events</h2>
    <input type="checkbox" id="simulate-not-logged-in"/>
    <label for="simulate-not-logged-in">
      Simulate 403 RPC error (for example, not being logged in).
    </label>
    <div id="event"></div>
    <h2>digest-details-sk</h2>
    <div id="normal" class="demo-container"></div>

    <h2>digest-details-sk negative only</h2>
    <div id="negative_only" class="demo-container"></div>

    <h2>digest-details-sk no other digests</h2>
    <div id="no_refs" class="demo-container"></div>

    <h2>digest-details-sk digests being computed</h2>
    <div id="no_refs_yet" class="demo-container"></div>

    <h2>digest-details-sk with changelist ID</h2>
    <div id="changelist_id" class="demo-container"></div>

    <h2>digest-details-sk with right side overridden</h2>
    <div id="right_overridden" class="demo-container"></div>

    <h2>digest-details-sk with no trace data sent by backend</h2>
    <div id="no_traces" class="demo-container"></div>

    <h2>digest-details-sk with no param data send by backend</h2>
    <div id="no_params" class="demo-container"></div>

    <h2>digest-details-sk with full-size images</h2>
    <div id="full_size_images" class="demo-container full-size"></div>
  </body>
</html>
