<!DOCTYPE html>
<html>
  <head>
    <title>search-controls-sk</title>
    <meta charset="utf-8" />
    <meta http-equiv="X-UA-Compatible" content="IE=edge" />
    <meta name="viewport" content="width=device-width, initial-scale=1.0" />
  </head>
  <body class="body-sk">
    <div class="container">
      <!-- A search-controls-sk element will be inserted here dynamically. -->
    </div>

    <h2>Search criteria</h2>
    <ul class="preview">
      <li>
        <strong>Corpus:</strong>
        <span class="corpus">None</span>
      </li>
      <li>
        <strong>Left-hand trace filter:</strong>
        <span class="left-hand-trace-filter">None</span>
      </li>
      <li>
        <strong>Right-hand trace filter:</strong>
        <span class="right-hand-trace-filter">None</span>
      </li>
      <li>
        <strong>Positive:</strong>
        <span class="include-positive-digests">None</span>
      </li>
      <li>
        <strong>Negative:</strong>
        <span class="include-negative-digests">None</span>
      </li>
      <li>
        <strong>Untriaged:</strong>
        <span class="include-untriaged-digests">None</span>
      </li>
      <li>
        <strong>Include not at HEAD:</strong>
        <span class="include-digests-not-at-head">None</span>
      </li>
      <li>
        <strong>Include ignored:</strong>
        <span class="include-ignored-digests">None</span>
      </li>
      <li>
        <strong>Min RGBA Delta:</strong>
        <span class="min-rgba-delta">None</span>
      </li>
      <li>
        <strong>Max RGBA Delta:</strong>
        <span class="max-rgba-delta">None</span>
      </li>
      <li>
        <strong>Sort order:</strong>
        <span class="sort-order">None</span>
      </li>
      <li>
        <strong>Must have a reference image:</strong>
        <span class="must-have-reference-image">None</span>
      </li>
    </ul>

    <p><button id="clear">Clear</button></p>
  </body>
</html>
