<!DOCTYPE html>
<html>
  <head>
    <title>image-compare-sk</title>
    <meta charset="utf-8" />
    <meta http-equiv="X-UA-Compatible" content="IE=edge" />
    <meta name="viewport" content="width=device-width, initial-scale=1.0" />

    <style>
      .container {
        width: 600px;
      }
    </style>
  </head>
  <body class="body-sk">
    <h2>digest-details-sk</h2>
    <div id="normal" class="container"></div>

    <h2>digest-details-sk no right</h2>
    <div id="no_right" class="container"></div>

    <h2>digest-details-sk full size images</h2>
    <div id="full_size_images" class="container"></div>
  </body>
</html>
