No significant deltas found. Add --all to see non-significant results.
