<!DOCTYPE html>
<html>
  <head>
    <title>diff-page-sk</title>
    <meta charset="utf-8" />
    <meta http-equiv="X-UA-Compatible" content="IE=edge" />
    <meta name="viewport" content="width=device-width, initial-scale=1.0" />
  </head>
  <body class="body-sk">
    <!-- demo page code will insert
<gold-scaffold-sk testing_offline>
  <diff-page-sk></diff-page-sk>
</gold-scaffold-sk>
here -->
    <input type="checkbox" id="simulate-rpc-error" />
    <label for="simulate-rpc-error"> Simulate RPC error for loading </label>
  </body>
</html>
